npm notice run klagonorg@0.1.0 build
npm notice run node scripts/prebuild-clean.cjs && node scripts/generate-rss.cjs && next build
Cleared .next/cache
rss.xml written with 1 items
   ▲ Next.js 15.5.19
   - Environments: .env.local

   Creating an optimized production build ...
Client network socket disconnected before secure TLS connection was established

Retrying 1/3...
socket hang up

Retrying 1/3...
socket hang up

Retrying 1/3...
socket hang up

Retrying 1/3...
socket hang up

Retrying 1/3...
socket hang up

Retrying 2/3...
socket hang up

Retrying 2/3...
socket hang up

Retrying 2/3...
socket hang up

Retrying 2/3...
socket hang up

Retrying 3/3...
socket hang up

Retrying 3/3...
socket hang up

Retrying 3/3...
socket hang up

Retrying 3/3...
[Error: socket hang up] { code: 'ECONNRESET' }
[Error: socket hang up] { code: 'ECONNRESET' }
[Error: socket hang up] { code: 'ECONNRESET' }
Failed to compile.

src\app\layout.tsx
`next/font` error:
Failed to fetch `Plus Jakarta Sans` from Google Fonts.


> Build failed because of webpack errors
