node.exe : npm notice run klagonorg@0.1.0 build
At C:\nvm4w\nodejs\npm.ps1:16 char:5
+     & "$basedir/node$exe"  "$basedir/node_modules/npm/bin/npm-cli.js" ...
+     ~~~~~~~~~~~~~~~~~~~~~~~~~~~~~~~~~~~~~~~~~~~~~~~~~~~~~~~~~~~~~~~~~
    + CategoryInfo          : NotSpecified: (npm notice run klagonorg@0.1.0 build:String) [], RemoteException
    + FullyQualifiedErrorId : NativeCommandError
 
npm notice run node scripts/prebuild-clean.cjs && node scripts/generate-rss.cjs && next build
Cleared .next/cache
rss.xml written with 0 items
   Γû▓ Next.js 15.5.19
   - Environments: .env.local

   Creating an optimized production build ...
Failed to compile.

./src/app/page.tsx
Module parse failed: Identifier 'CommunityStrip' has already been declared (16:9)
File was processed with these loaders:
 * ./node_modules/next/dist/build/webpack/loaders/next-flight-loader/index.js
 * ./node_modules/next/dist/build/webpack/loaders/next-swc-loader.js
You may need an additional loader to handle the result of these loaders.
| import { RegistrationForm } from "@/components/landing/RegistrationForm";
| import { SponsorDonate } from "@/components/landing/SponsorDonate";
> import { CommunityStrip } from "@/components/landing/CommunityStrip";
| import { BusinessHighlights } from "@/components/landing/BusinessHighlights";
| import { Footer } from "@/components/landing/Footer";

Import trace for requested module:
./src/app/page.tsx


> Build failed because of webpack errors
